###############################################################################
#
# IAR ELF Linker V8.11.3.13950/W32 for ARM                23/Sep/2017  22:40:22
# Copyright 2007-2017 IAR Systems AB.
#
#    Output file  =  
#        F:\My_Projects\QuadCopter\DK_QuadCopter\DK_QuadCopter\Nuvoton_To_Arduino\Debug\Exe\NuvotonToArduino.out
#    Map file     =  
#        F:\My_Projects\QuadCopter\DK_QuadCopter\DK_QuadCopter\Nuvoton_To_Arduino\Debug\List\NuvotonToArduino.map
#    Command line =  
#        -f C:\Users\ADMINI~1\AppData\Local\Temp\EWF960.tmp
#        (F:\My_Projects\QuadCopter\DK_QuadCopter\DK_QuadCopter\Nuvoton_To_Arduino\Debug\Obj\adc.o
#        F:\My_Projects\QuadCopter\DK_QuadCopter\DK_QuadCopter\Nuvoton_To_Arduino\Debug\Obj\board.o
#        F:\My_Projects\QuadCopter\DK_QuadCopter\DK_QuadCopter\Nuvoton_To_Arduino\Debug\Obj\clk.o
#        F:\My_Projects\QuadCopter\DK_QuadCopter\DK_QuadCopter\Nuvoton_To_Arduino\Debug\Obj\dtostrf.o
#        F:\My_Projects\QuadCopter\DK_QuadCopter\DK_QuadCopter\Nuvoton_To_Arduino\Debug\Obj\gpio.o
#        F:\My_Projects\QuadCopter\DK_QuadCopter\DK_QuadCopter\Nuvoton_To_Arduino\Debug\Obj\itoa.o
#        F:\My_Projects\QuadCopter\DK_QuadCopter\DK_QuadCopter\Nuvoton_To_Arduino\Debug\Obj\main.o
#        F:\My_Projects\QuadCopter\DK_QuadCopter\DK_QuadCopter\Nuvoton_To_Arduino\Debug\Obj\Pins_arduino.o
#        F:\My_Projects\QuadCopter\DK_QuadCopter\DK_QuadCopter\Nuvoton_To_Arduino\Debug\Obj\Print.o
#        F:\My_Projects\QuadCopter\DK_QuadCopter\DK_QuadCopter\Nuvoton_To_Arduino\Debug\Obj\pwm.o
#        F:\My_Projects\QuadCopter\DK_QuadCopter\DK_QuadCopter\Nuvoton_To_Arduino\Debug\Obj\startup_M051Series.o
#        F:\My_Projects\QuadCopter\DK_QuadCopter\DK_QuadCopter\Nuvoton_To_Arduino\Debug\Obj\Stream.o
#        F:\My_Projects\QuadCopter\DK_QuadCopter\DK_QuadCopter\Nuvoton_To_Arduino\Debug\Obj\sys.o
#        F:\My_Projects\QuadCopter\DK_QuadCopter\DK_QuadCopter\Nuvoton_To_Arduino\Debug\Obj\system_M051Series.o
#        F:\My_Projects\QuadCopter\DK_QuadCopter\DK_QuadCopter\Nuvoton_To_Arduino\Debug\Obj\WInterrupts.o
#        F:\My_Projects\QuadCopter\DK_QuadCopter\DK_QuadCopter\Nuvoton_To_Arduino\Debug\Obj\wiring.o
#        F:\My_Projects\QuadCopter\DK_QuadCopter\DK_QuadCopter\Nuvoton_To_Arduino\Debug\Obj\wiring_analog.o
#        F:\My_Projects\QuadCopter\DK_QuadCopter\DK_QuadCopter\Nuvoton_To_Arduino\Debug\Obj\wiring_digital.o
#        F:\My_Projects\QuadCopter\DK_QuadCopter\DK_QuadCopter\Nuvoton_To_Arduino\Debug\Obj\WMath.o
#        F:\My_Projects\QuadCopter\DK_QuadCopter\DK_QuadCopter\Nuvoton_To_Arduino\Debug\Obj\WString.o
#        -o
#        F:\My_Projects\QuadCopter\DK_QuadCopter\DK_QuadCopter\Nuvoton_To_Arduino\Debug\Exe\NuvotonToArduino.out
#        --redirect _Printf=_PrintfFullNoMb --redirect _Scanf=_ScanfFullNoMb
#        --map
#        F:\My_Projects\QuadCopter\DK_QuadCopter\DK_QuadCopter\Nuvoton_To_Arduino\Debug\List\NuvotonToArduino.map
#        --config "C:\Program Files (x86)\IAR Systems\Embedded Workbench
#        8.0\arm\config\linker\Nuvoton\M0516.icf" --semihosting --entry
#        __iar_program_start --vfe --text_out locale)
#
###############################################################################

*******************************************************************************
*** RUNTIME MODEL ATTRIBUTES
***

CppFlavor        = *
__CPP_Exceptions = Disabled
__CPP_Language   = C++14
__Heap_Handler   = DLMalloc
__SystemLibrary  = DLib
__dlib_version   = 6


*******************************************************************************
*** HEAP SELECTION
***

The advanced heap was selected because the application calls memory
allocation functions outside of system library functions, and there
are calls to deallocation functions in the application.


*******************************************************************************
*** PLACEMENT SUMMARY
***

"A0":  place at 0x00000000 { ro section .intvec };
"P1":  place in [from 0x00000000 to 0x0000ffff] { ro };
define block CSTACK with size = 1K, alignment = 8 { };
define block HEAP with size = 1K, alignment = 8 { };
"P2":  place in [from 0x20000000 to 0x20000fff] {
          rw, block CSTACK, block HEAP };
initialize by copy { rw };

  Section            Kind        Address   Size  Object
  -------            ----        -------   ----  ------
"A0":                                      0xc0
  .intvec            ro code  0x00000000   0xc0  startup_M051Series.o [1]
                            - 0x000000c0   0xc0

"P1":                                     0xa92
  .text              ro code  0x000000c0  0x3d0  clk.o [1]
  .text              ro code  0x00000490   0xae  I32DivModFast.o [6]
  .rodata            const    0x0000053e    0x1  unwind_debug.o [7]
  .text              ro code  0x00000540   0xde  system_M051Series.o [1]
  .text              ro code  0x00000620    0x2  IntDivZer.o [6]
  .text              ro code  0x00000624  0x1bc  board.o [1]
  .text              ro code  0x000007e0  0x110  WInterrupts.o [1]
  .text              ro code  0x000008f0   0x64  wiring_digital.o [1]
  .text              ro code  0x00000954   0x2e  gpio.o [1]
  .text              ro code  0x00000984   0x40  startup_M051Series.o [1]
  .text              ro code  0x000009c4   0x40  zero_init3.o [6]
  .text              ro code  0x00000a04   0x30  main.o [1]
  .text              ro code  0x00000a34   0x18  wiring.o [1]
  .text              ro code  0x00000a4c   0x30  copy_init3.o [6]
  .text              ro code  0x00000a7c   0x28  data_init.o [6]
  .iar.init_table    const    0x00000aa4   0x24  - Linker created -
  .rodata            const    0x00000ac8   0x20  system_M051Series.o [1]
  .text              ro code  0x00000ae8   0x1a  cmain.o [6]
  .text              ro code  0x00000b02    0x4  low_level_init.o [3]
  .text              ro code  0x00000b06    0x8  exit.o [3]
  .text              ro code  0x00000b10    0xa  cexit.o [6]
  .text              ro code  0x00000b1c   0x14  exit.o [7]
  .text              ro code  0x00000b30    0xc  cstartup_M.o [6]
  Initializer bytes  const    0x00000b3c    0xc  <for P2-1>
  .rodata            const    0x00000b48    0x4  clk.o [1]
  .rodata            const    0x00000b4c    0x4  system_M051Series.o [1]
  .text              ro code  0x00000b50    0x2  startup_M051Series.o [1]
  .rodata            const    0x00000b52    0x0  zero_init3.o [6]
  .rodata            const    0x00000b52    0x0  copy_init3.o [6]
                            - 0x00000b52  0xa92

"P2", part 1 of 3:                          0xc
  P2-1                        0x20000000    0xc  <Init block>
    .data            inited   0x20000000    0x4  system_M051Series.o [1]
    .data            inited   0x20000004    0x4  system_M051Series.o [1]
    .data            inited   0x20000008    0x4  system_M051Series.o [1]
                            - 0x2000000c    0xc

"P2", part 2 of 3:                         0xa8
  .bss               zero     0x2000000c   0x20  WInterrupts.o [1]
  .bss               zero     0x2000002c   0x20  WInterrupts.o [1]
  .bss               zero     0x2000004c   0x20  WInterrupts.o [1]
  .bss               zero     0x2000006c   0x20  WInterrupts.o [1]
  .bss               zero     0x2000008c   0x20  WInterrupts.o [1]
  .bss               zero     0x200000ac    0x4  board.o [1]
  .bss               zero     0x200000b0    0x1  board.o [1]
                            - 0x200000b1   0xa5

"P2", part 3 of 3:                        0x400
  CSTACK                      0x200000b8  0x400  <Block>
    CSTACK           uninit   0x200000b8  0x400  <Block tail>
                            - 0x200004b8  0x400


*******************************************************************************
*** INIT TABLE
***

          Address     Size
          -------     ----
Zero (__iar_zero_init3)
    1 destination range, total size 0xa5:
          0x2000000c  0xa5

Copy (__iar_copy_init3)
    1 source range, total size 0xc:
          0x00000b3c   0xc
    1 destination range, total size 0xc:
          0x20000000   0xc



*******************************************************************************
*** MODULE SUMMARY
***

    Module                ro code  ro data  rw data
    ------                -------  -------  -------
F:\My_Projects\QuadCopter\DK_QuadCopter\DK_QuadCopter\Nuvoton_To_Arduino\Debug\Obj: [1]
    WInterrupts.o             272               160
    board.o                   444                 5
    clk.o                     976        4
    gpio.o                     46
    main.o                     48
    startup_M051Series.o      258
    system_M051Series.o       222       48       12
    wiring.o                   24
    wiring_digital.o          100
    -----------------------------------------------
    Total:                  2 390       52      177

command line: [2]
    -----------------------------------------------
    Total:

dl6M_tln.a: [3]
    exit.o                      8
    low_level_init.o            4
    -----------------------------------------------
    Total:                     12

dlpp6M_tl_nc.a: [4]
    -----------------------------------------------
    Total:

m6M_tl.a: [5]
    -----------------------------------------------
    Total:

rt6M_tl.a: [6]
    I32DivModFast.o           174
    IntDivZer.o                 2
    cexit.o                    10
    cmain.o                    26
    copy_init3.o               48
    cstartup_M.o               12
    data_init.o                40
    zero_init3.o               64
    -----------------------------------------------
    Total:                    376

shb_l.a: [7]
    exit.o                     20
    unwind_debug.o                       1
    -----------------------------------------------
    Total:                     20        1

    Gaps                       11
    Linker created                      36    1 024
---------------------------------------------------
    Grand Total:            2 809       89    1 201


*******************************************************************************
*** ENTRY LIST
***

Entry                      Address   Size  Type      Object
-----                      -------   ----  ----      ------
.iar.init_table$$Base   0x00000aa4          --   Gb  - Linker created -
.iar.init_table$$Limit  0x00000ac8          --   Gb  - Linker created -
?main                   0x00000ae9         Code  Gb  cmain.o [6]
CLK_EnableModuleClock   0x00000287   0x26  Code  Gb  clk.o [1]
CLK_EnablePLL           0x000002d1  0x162  Code  Gb  clk.o [1]
CLK_EnableXtalRC        0x0000027b    0xc  Code  Gb  clk.o [1]
CLK_SetCoreClock        0x0000011d   0x92  Code  Gb  clk.o [1]
CLK_SetHCLK             0x000001af   0x5e  Code  Gb  clk.o [1]
CLK_SetModuleClock      0x0000020d   0x6e  Code  Gb  clk.o [1]
CLK_WaitClockReady      0x00000433   0x20  Code  Gb  clk.o [1]
CSTACK$$Base            0x200000b8          --   Gb  - Linker created -
CSTACK$$Limit           0x200004b8          --   Gb  - Linker created -
CyclesPerUs             0x20000004    0x4  Data  Gb  system_M051Series.o [1]
Enable_All_IPs()        0x00000717   0x4e  Code  Gb  board.o [1]
GPIOP0P1_IRQHandler     0x000007e1   0x5e  Code  Gb  WInterrupts.o [1]
GPIOP2P3P4_IRQHandler   0x00000845   0x86  Code  Gb  WInterrupts.o [1]
GPIO_SetMode            0x00000955   0x2e  Code  Gb  gpio.o [1]
GetTickCount            0x00000711    0x6  Code  Gb  board.o [1]
PllClock                0x20000008    0x4  Data  Gb  system_M051Series.o [1]
Region$$Table$$Base     0x00000aa4          --   Gb  - Linker created -
Region$$Table$$Limit    0x00000ac8          --   Gb  - Linker created -
SysTick_Handler         0x00000705    0xc  Code  Gb  board.o [1]
SystemCoreClock         0x20000000    0x4  Data  Gb  system_M051Series.o [1]
SystemCoreClockUpdate   0x0000059d   0x4e  Code  Gb  system_M051Series.o [1]
SystemInit              0x0000061d    0x2  Code  Gb  system_M051Series.o [1]
[local to board_cpp]::NVIC_SetPriority(IRQn, unsigned int)
                        0x00000625   0x84  Code  Lc  board.o [1]
[local to board_cpp]::SYS_LockReg()
                        0x000006dd    0x8  Code  Lc  board.o [1]
[local to board_cpp]::SYS_UnlockReg()
                        0x000006e5   0x20  Code  Lc  board.o [1]
[local to board_cpp]::SysTick_Config(unsigned int)
                        0x000006a9   0x34  Code  Lc  board.o [1]
[local to clk_c]::CLK_GetPLLClockFreq()
                        0x000000c1   0x5c  Code  Lc  clk.o [1]
[local to system_M051Series_c]::CLK_GetPLLClockFreq()
                        0x00000541   0x5c  Code  Lc  system_M051Series.o [1]
__aeabi_idiv0           0x00000621         Code  Gb  IntDivZer.o [6]
__aeabi_uidiv           0x00000491         Code  Gb  I32DivModFast.o [6]
__aeabi_uidivmod        0x00000491         Code  Gb  I32DivModFast.o [6]
__cmain                 0x00000ae9         Code  Gb  cmain.o [6]
__exit                  0x00000b1d   0x14  Code  Gb  exit.o [7]
__iar_copy_init3        0x00000a4d   0x30  Code  Gb  copy_init3.o [6]
__iar_data_init3        0x00000a7d   0x28  Code  Gb  data_init.o [6]
__iar_debug_exceptions  0x0000053e    0x1  Data  Gb  unwind_debug.o [7]
__iar_program_start     0x00000b31         Code  Gb  cstartup_M.o [6]
__iar_systems$$module {Abs}
                        0x00000001         Data  Gb  command line/config [2]
__iar_zero_init3        0x000009c5   0x40  Code  Gb  zero_init3.o [6]
__low_level_init        0x00000b03    0x4  Code  Gb  low_level_init.o [3]
__vector_table          0x00000000         Data  Gb  startup_M051Series.o [1]
_call_main              0x00000af5         Code  Gb  cmain.o [6]
_dwTickCount            0x200000ac    0x4  Data  Lc  board.o [1]
_exit                   0x00000b11         Code  Gb  cexit.o [6]
_main                   0x00000aff         Code  Gb  cmain.o [6]
callbacksP0             0x2000000c   0x20  Data  Lc  WInterrupts.o [1]
callbacksP1             0x2000002c   0x20  Data  Lc  WInterrupts.o [1]
callbacksP2             0x2000004c   0x20  Data  Lc  WInterrupts.o [1]
callbacksP3             0x2000006c   0x20  Data  Lc  WInterrupts.o [1]
callbacksP4             0x2000008c   0x20  Data  Lc  WInterrupts.o [1]
delay                   0x00000a35   0x18  Code  Gb  wiring.o [1]
digitalWrite            0x0000092f   0x1e  Code  Gb  wiring_digital.o [1]
exit                    0x00000b07    0x8  Code  Gb  exit.o [3]
gau32ClkSrcTbl          0x00000ac8   0x20  Data  Lc  system_M051Series.o [1]
init                    0x00000765   0x40  Code  Gb  board.o [1]
init_flag               0x200000b0    0x1  Data  Lc  board.o [1]
main                    0x00000a05   0x30  Code  Gb  main.o [1]
pinMode                 0x000008f1   0x3e  Code  Gb  wiring_digital.o [1]


[1] = F:\My_Projects\QuadCopter\DK_QuadCopter\DK_QuadCopter\Nuvoton_To_Arduino\Debug\Obj
[2] = command line
[3] = dl6M_tln.a
[4] = dlpp6M_tl_nc.a
[5] = m6M_tl.a
[6] = rt6M_tl.a
[7] = shb_l.a

  2 809 bytes of readonly  code memory
     89 bytes of readonly  data memory
  1 201 bytes of readwrite data memory

Errors: none
Warnings: none
